// Jest Snapshot v1, https://goo.gl/fbAQLP

exports[`renders correctly 1`] = `
<h1
  className="text-3xl"
>
  Hello 
  John Doe
</h1>
`;
